// Jest Snapshot v1, https://goo.gl/fbAQLP

exports[`importProductsFile correct event returns url 1`] = `"{\\"uploadURL\\":\\"presigned-url\\"}"`;
