// Jest Snapshot v1, https://goo.gl/fbAQLP

exports[`should return product 1`] = `"{\\"products\\":[{\\"id\\":\\"product\\"}]}"`;
